******************************************************************************
             TMS320C2000 Linker PC v22.6.0                     
******************************************************************************
>> Linked Thu Jun 27 18:33:40 2024

OUTPUT FILE NAME:   <can_flash_kernel.out>
ENTRY POINT SYMBOL: "code_start"  address: 00000000


MEMORY CONFIGURATION

         name            origin    length      used     unused   attr    fill
----------------------  --------  ---------  --------  --------  ----  --------
PAGE 0:
  BEGIN                 00000000   00000002  00000002  00000000  RWIX
  RAMM0                 00000123   000002dd  00000064  00000279  RWIX
  RAMLS0                00008000   00000800  00000800  00000000  RWIX
  RAMLS1                00008800   00000800  0000035a  000004a6  RWIX
  RAMLS2                00009000   00000800  00000000  00000800  RWIX
  RAMLS3                00009800   00000800  00000000  00000800  RWIX
  RAMLS4                0000a000   00000800  00000000  00000800  RWIX
  RAMD0                 0000b000   00000800  00000800  00000000  RWIX
  FLASHA                00080002   00001ffe  00000000  00001ffe  RWIX
  FLASHB                00082000   00002000  00000000  00002000  RWIX
  FLASHC                00084000   00002000  00000000  00002000  RWIX
  FLASHD                00086000   00002000  00000000  00002000  RWIX
  FLASHE                00088000   00008000  00000000  00008000  RWIX
  FLASHF                00090000   00008000  00000000  00008000  RWIX
  FLASHG                00098000   00008000  00000000  00008000  RWIX
  FLASHH                000a0000   00008000  00000000  00008000  RWIX
  FLASHI                000a8000   00008000  00000000  00008000  RWIX
  FLASHJ                000b0000   00008000  00000000  00008000  RWIX
  FLASHK                000b8000   00002000  00000000  00002000  RWIX
  FLASHL                000ba000   00002000  00000000  00002000  RWIX
  FLASHM                000bc000   00002000  00000000  00002000  RWIX
  FLASHN                000be000   00001ff0  00000000  00001ff0  RWIX
  RESET                 003fffc0   00000002  00000000  00000002  RWIX

PAGE 1:
  BOOT_RSVD             00000002   00000121  00000000  00000121  RWIX
  RAMM1                 00000400   000003f8  00000100  000002f8  RWIX
  RAMLS5                0000a800   00000800  00000316  000004ea  RWIX
  RAMD1                 0000b800   00000800  00000000  00000800  RWIX
  RAMGS0                0000c000   00001000  00000000  00001000  RWIX
  RAMGS1                0000d000   00001000  00000000  00001000  RWIX
  RAMGS2                0000e000   00001000  00000000  00001000  RWIX
  RAMGS3                0000f000   00001000  00000000  00001000  RWIX
  RAMGS4                00010000   00001000  00000000  00001000  RWIX
  RAMGS5                00011000   00001000  00000000  00001000  RWIX
  RAMGS6                00012000   00001000  00000000  00001000  RWIX
  RAMGS7                00013000   00001000  00000000  00001000  RWIX
  RAMGS8                00014000   00001000  00000000  00001000  RWIX
  RAMGS9                00015000   00001000  00000000  00001000  RWIX
  RAMGS10               00016000   00001000  00000000  00001000  RWIX
  RAMGS11               00017000   00001000  00000000  00001000  RWIX
  RAMGS12               00018000   00001000  00000000  00001000  RWIX
  RAMGS13               00019000   00001000  00000000  00001000  RWIX
  RAMGS14               0001a000   00001000  00000000  00001000  RWIX
  RAMGS15               0001b000   00000ff8  00000000  00000ff8  RWIX
  CPU2TOCPU1RAM         0003f800   00000400  00000000  00000400  RWIX
  CPU1TOCPU2RAM         0003fc00   00000400  00000000  00000400  RWIX
  CANA_MSG_RAM          00049000   00000800  00000000  00000800  RWIX
  CANB_MSG_RAM          0004b000   00000800  00000000  00000800  RWIX


SECTION ALLOCATION MAP

 output                                  attributes/
section   page    origin      length       input sections
--------  ----  ----------  ----------   ----------------
codestart 
*          0    00000000    00000002     
                  00000000    00000002     F2837xD_CodeStartBranch.obj (codestart)

.cinit     0    0000016c    0000001c     
                  0000016c    00000009     (.cinit..data.load) [load image, compression = lzss]
                  00000175    00000001     --HOLE-- [fill = 0]
                  00000176    00000006     (__TI_handler_table)
                  0000017c    00000004     (.cinit..bss.load) [load image, compression = zero_init]
                  00000180    00000008     (__TI_cinit_table)

.reset     0    003fffc0    00000000     DSECT

.stack     1    00000400    00000100     UNINITIALIZED
                  00000400    00000100     --HOLE--

.bss       1    0000aae0    00000020     UNINITIALIZED
                  0000aae0    00000008     empty_driverlib_main.obj (.bss)
                  0000aae8    00000008     empty_driverlib_main.obj (.bss:progbuf)
                  0000aaf0    00000008     empty_driverlib_main.obj (.bss:rx_data)
                  0000aaf8    00000008     empty_driverlib_main.obj (.bss:tx_data)

.init_array 
*          0    00000123    00000000     UNINITIALIZED

.const     1    0000a800    000002e0     
                  0000a800    000000c2     driverlib_eabi.lib : sysctl.obj (.const:.string)
                  0000a8c2    000000bc                        : gpio.obj (.const:.string)
                  0000a97e    000000bb                        : can.obj (.const:.string)
                  0000aa39    00000001     empty_driverlib_main.obj (.const)
                  0000aa3a    0000007d     board.obj (.const:.string)
                  0000aab7    00000001     --HOLE-- [fill = 0]
                  0000aab8    00000013     device.obj (.const:.string)
                  0000aacb    00000001     --HOLE-- [fill = 0]
                  0000aacc    0000000a     empty_driverlib_main.obj (.const:sector_bases)
                  0000aad6    0000000a     empty_driverlib_main.obj (.const:sector_sizes)

.data      1    0000ab00    00000016     UNINITIALIZED
                  0000ab00    00000006     device.obj (.data)
                  0000ab06    00000006     empty_driverlib_main.obj (.data)
                  0000ab0c    00000006     rts2800_fpu32_eabi.lib : exit.c.obj (.data)
                  0000ab12    00000002                            : _lock.c.obj (.data:_lock)
                  0000ab14    00000002                            : _lock.c.obj (.data:_unlock)

.TI.ramfunc 
*          0    00000123    00000048     
                  00000123    00000044     empty_driverlib_main.obj (.TI.ramfunc)
                  00000167    00000004     driverlib_eabi.lib : sysctl.obj (.TI.ramfunc)

GETBUFFER 
*          0    0003f800    00000000     DSECT

GETWRITEIDX 
*          0    0003f800    00000000     DSECT

PUTREADIDX 
*          0    0003f800    00000000     DSECT

.text.1    0    00008000    00000800     
                  00008000    00000209     driverlib_eabi.lib : sysctl.obj (.text:SysCtl_setClock)
                  00008209    000000ec     board.obj (.text)
                  000082f5    000000db     driverlib_eabi.lib : can.obj (.text:CAN_setupMessageObject)
                  000083d0    00000090                        : sysctl.obj (.text:SysCtl_selectXTAL)
                  00008460    00000088     rts2800_fpu32_eabi.lib : fs_div28.asm.obj (.text)
                  000084e8    00000072     driverlib_eabi.lib : can.obj (.text:CAN_sendMessage)
                  0000855a    00000068                        : sysctl.obj (.text:SysCtl_getDeviceParametric)
                  000085c2    00000066                        : can.obj (.text:CAN_readMessage)
                  00008628    00000064                        : can.obj (.text:CAN_setBitTiming)
                  0000868c    00000052                        : gpio.obj (.text:GPIO_setPadConfig)
                  000086de    00000051                        : sysctl.obj (.text:SysCtl_getClock)
                  0000872f    00000048                        : sysctl.obj (.text:SysCtl_selectOscSource)
                  00008777    0000003d                        : interrupt.obj (.text:Interrupt_initModule)
                  000087b4    00000037                        : gpio.obj (.text:GPIO_setControllerCore)
                  000087eb    00000015                        : can.obj (.text:CAN_isBaseValid)

.text.2    0    00008800    0000035a     
                  00008800    00000037     driverlib_eabi.lib : gpio.obj (.text:GPIO_setPinConfig)
                  00008837    00000037                        : gpio.obj (.text:GPIO_setQualificationMode)
                  0000886e    00000031                        : gpio.obj (.text:GPIO_setDirectionMode)
                  0000889f    0000002e     rts2800_fpu32_eabi.lib : copy_decompress_lzss.c.obj (.text:decompress:lzss)
                  000088cd    0000002b                            : autoinit.c.obj (.text:__TI_auto_init_nobinit_nopinit)
                  000088f8    00000029                            : exit.c.obj (.text)
                  00008921    00000028     driverlib_eabi.lib : sysctl.obj (.text:CPUTimer_selectClockSource)
                  00008949    00000022                        : can.obj (.text:CAN_writeDataReg)
                  0000896b    0000001f                        : sysctl.obj (.text:CPUTimer_getTimerOverflowStatus)
                  0000898a    0000001e                        : interrupt.obj (.text:Interrupt_initVectorTable)
                  000089a8    0000001d     rts2800_fpu32_eabi.lib : memcpy.c.obj (.text)
                  000089c5    0000001c     driverlib_eabi.lib : can.obj (.text:CAN_initModule)
                  000089e1    0000001b                        : can.obj (.text:CAN_readDataReg)
                  000089fc    0000001a                        : can.obj (.text:CAN_initRAM)
                  00008a16    0000001a                        : sysctl.obj (.text:CPUTimer_startTimer)
                  00008a30    0000001a                        : sysctl.obj (.text:SysCtl_getLowSpeedClock)
                  00008a4a    00000017                        : sysctl.obj (.text:CPUTimer_isBaseValid)
                  00008a61    00000017     rts2800_fpu32_eabi.lib : boot28.asm.obj (.text)
                  00008a78    00000016     driverlib_eabi.lib : interrupt.obj (.text:Interrupt_defaultHandler)
                  00008a8e    00000014                        : sysctl.obj (.text:CPUTimer_stopTimer)
                  00008aa2    00000012                        : sysctl.obj (.text:CPUTimer_clearOverflowFlag)
                  00008ab4    00000012                        : sysctl.obj (.text:CPUTimer_disableInterrupt)
                  00008ac6    00000011                        : sysctl.obj (.text:CPUTimer_setPeriod)
                  00008ad7    0000000f                        : sysctl.obj (.text:SysCtl_pollCpuTimer)
                  00008ae6    0000000e                        : gpio.obj (.text:GPIO_isPinValid)
                  00008af4    0000000d                        : interrupt.obj (.text:Interrupt_disableGlobal)
                  00008b01    0000000d     rts2800_fpu32_eabi.lib : copy_zero_init.c.obj (.text:decompress:ZI:__TI_zero_init_nomemset)
                  00008b0e    0000000b     driverlib_eabi.lib : sysctl.obj (.text:SysCtl_isMCDClockFailureDetected)
                  00008b19    0000000a                        : interrupt.obj (.text:Interrupt_illegalOperationHandler)
                  00008b23    0000000a                        : interrupt.obj (.text:Interrupt_nmiHandler)
                  00008b2d    00000009                        : sysctl.obj (.text:SysCtl_serviceWatchdog)
                  00008b36    00000009     rts2800_fpu32_eabi.lib : _lock.c.obj (.text)
                  00008b3f    00000008     F2837xD_CodeStartBranch.obj (.text)
                  00008b47    00000008     rts2800_fpu32_eabi.lib : copy_decompress_none.c.obj (.text:decompress:none)
                  00008b4f    00000007     driverlib_eabi.lib : sysctl.obj (.text:SysCtl_resetMCD)
                  00008b56    00000002     rts2800_fpu32_eabi.lib : pre_init.c.obj (.text)
                  00008b58    00000001     c2000ware_libraries.obj (.text)
                  00008b59    00000001     rts2800_fpu32_eabi.lib : startup.c.obj (.text)

.text.3    0    0000b000    00000800     
                  0000b000    000003fd     device.obj (.text)
                  0000b3fd    000003f7     empty_driverlib_main.obj (.text)
                  0000b7f4    0000000c     rts2800_fpu32_eabi.lib : args_main.c.obj (.text)

MODULE SUMMARY

       Module                        code   ro data   rw data
       ------                        ----   -------   -------
    .\
       empty_driverlib_main.obj      1083   21        38     
    +--+-----------------------------+------+---------+---------+
       Total:                        1083   21        38     
                                                             
    .\device\
       device.obj                    1021   19        6      
       F2837xD_CodeStartBranch.obj   10     0         0      
    +--+-----------------------------+------+---------+---------+
       Total:                        1031   19        6      
                                                             
    .\syscfg\
       board.obj                     236    125       0      
       c2000ware_libraries.obj       1      0         0      
    +--+-----------------------------+------+---------+---------+
       Total:                        237    125       0      
                                                             
    C:\ti\C2000Ware_5_02_00_00\driverlib\f2837xd\driverlib\ccs\Debug\driverlib_eabi.lib
       sysctl.obj                    1187   194       0      
       can.obj                       671    187       0      
       gpio.obj                      310    188       0      
       interrupt.obj                 146    0         0      
    +--+-----------------------------+------+---------+---------+
       Total:                        2314   569       0      
                                                             
    C:\ti\ccs1220\ccs\tools\compiler\ti-cgt-c2000_22.6.0.LTS\lib\rts2800_fpu32_eabi.lib
       fs_div28.asm.obj              136    0         0      
       exit.c.obj                    41     0         6      
       copy_decompress_lzss.c.obj    46     0         0      
       autoinit.c.obj                43     0         0      
       memcpy.c.obj                  29     0         0      
       boot28.asm.obj                23     0         0      
       _lock.c.obj                   9      0         4      
       copy_zero_init.c.obj          13     0         0      
       args_main.c.obj               12     0         0      
       copy_decompress_none.c.obj    8      0         0      
       pre_init.c.obj                2      0         0      
       startup.c.obj                 1      0         0      
    +--+-----------------------------+------+---------+---------+
       Total:                        363    0         10     
                                                             
       Stack:                        0      0         256    
       Linker Generated:             0      27        0      
    +--+-----------------------------+------+---------+---------+
       Grand Total:                  5028   761       310    


LINKER GENERATED COPY TABLES

__TI_cinit_table @ 00000180 records: 2, size/record: 4, table size: 8
	.data: load addr=0000016c, load size=00000009 bytes, run addr=0000ab00, run size=00000016 bytes, compression=lzss
	.bss: load addr=0000017c, load size=00000004 bytes, run addr=0000aae0, run size=00000020 bytes, compression=zero_init


LINKER GENERATED HANDLER TABLE

__TI_handler_table @ 00000176 records: 3, size/record: 2, table size: 6
	index: 0, handler: __TI_zero_init
	index: 1, handler: __TI_decompress_lzss
	index: 2, handler: __TI_decompress_none


GLOBAL DATA SYMBOLS: SORTED BY DATA PAGE

address     data page           name
--------    ----------------    ----
00000400      10 (00000400)     __stack

0000aa39     2a8 (0000aa00)     DEVICE_ID

0000aacc     2ab (0000aac0)     sector_bases
0000aad6     2ab (0000aac0)     sector_sizes
0000aae0     2ab (0000aac0)     state
0000aae1     2ab (0000aac0)     MTA0_ext
0000aae2     2ab (0000aac0)     MTA1_ext
0000aae4     2ab (0000aac0)     MTA0_addr
0000aae6     2ab (0000aac0)     MTA1_addr
0000aae8     2ab (0000aac0)     progbuf
0000aaf0     2ab (0000aac0)     rx_data
0000aaf8     2ab (0000aac0)     tx_data

0000ab00     2ac (0000ab00)     Example_Result
0000ab02     2ac (0000ab00)     Example_PassCount
0000ab04     2ac (0000ab00)     Example_Fail
0000ab06     2ac (0000ab00)     flash_initialized
0000ab08     2ac (0000ab00)     blk_base
0000ab0a     2ac (0000ab00)     blk_limit
0000ab0c     2ac (0000ab00)     __TI_enable_exit_profile_output
0000ab0e     2ac (0000ab00)     __TI_cleanup_ptr
0000ab10     2ac (0000ab00)     __TI_dtors_ptr
0000ab12     2ac (0000ab00)     _lock
0000ab14     2ac (0000ab00)     _unlock


GLOBAL SYMBOLS: SORTED ALPHABETICALLY BY Name 

page  address   name                                     
----  -------   ----                                     
0     0000828e  Board_init                               
0     000088f8  C$$EXIT                                  
0     00008b58  C2000Ware_libraries_init                 
0     000082b4  CAN_init                                 
0     000089c5  CAN_initModule                           
0     000085c2  CAN_readMessage                          
0     000084e8  CAN_sendMessage                          
0     00008628  CAN_setBitTiming                         
0     000082f5  CAN_setupMessageObject                   
1     0000aa39  DEVICE_ID                                
0     0000b271  Device_bootCPU2                          
0     0000b240  Device_configureTMXAnalogTrim            
0     0000b0ee  Device_enableAllPeripherals              
0     0000b22a  Device_enableUnbondedGPIOPullups         
0     0000b20d  Device_enableUnbondedGPIOPullupsFor100Pin
0     0000b1fa  Device_enableUnbondedGPIOPullupsFor176Pin
0     0000b0ae  Device_init                              
0     0000b1d9  Device_initGPIO                          
0     000082b7  DiagCAN_init                             
1     0000ab04  Example_Fail                             
1     0000ab02  Example_PassCount                        
1     0000ab00  Example_Result                           
0     0000b3fc  Example_done                             
0     0000b3f7  Example_setResultFail                    
0     0000b3f2  Example_setResultPass                    
n/a   UNDEFED   Fapi_checkFsmForReady                    
n/a   UNDEFED   Fapi_doBlankCheck                        
n/a   UNDEFED   Fapi_getFsmStatus                        
n/a   UNDEFED   Fapi_initializeAPI                       
n/a   UNDEFED   Fapi_issueAsyncCommandWithAddress        
n/a   UNDEFED   Fapi_setActiveFlashBank                  
0     000087b4  GPIO_setControllerCore                   
0     0000886e  GPIO_setDirectionMode                    
0     0000868c  GPIO_setPadConfig                        
0     00008800  GPIO_setPinConfig                        
0     00008837  GPIO_setQualificationMode                
0     00008a78  Interrupt_defaultHandler                 
0     00008b19  Interrupt_illegalOperationHandler        
0     00008777  Interrupt_initModule                     
0     0000898a  Interrupt_initVectorTable                
0     00008b23  Interrupt_nmiHandler                     
1     0000aae4  MTA0_addr                                
1     0000aae1  MTA0_ext                                 
1     0000aae6  MTA1_addr                                
1     0000aae2  MTA1_ext                                 
0     00008295  PinMux_init                              
0     00000167  SysCtl_delay                             
0     000086de  SysCtl_getClock                          
0     0000855a  SysCtl_getDeviceParametric               
0     00008a30  SysCtl_getLowSpeedClock                  
0     0000872f  SysCtl_selectOscSource                   
0     000083d0  SysCtl_selectXTAL                        
0     00008000  SysCtl_setClock                          
0     00000180  __TI_CINIT_Base                          
0     00000188  __TI_CINIT_Limit                         
0     00000188  __TI_CINIT_Warm                          
0     00000176  __TI_Handler_Table_Base                  
0     0000017c  __TI_Handler_Table_Limit                 
1     00000500  __TI_STACK_END                           
abs   00000100  __TI_STACK_SIZE                          
0     000088cd  __TI_auto_init_nobinit_nopinit           
1     0000ab0e  __TI_cleanup_ptr                         
0     0000889f  __TI_decompress_lzss                     
0     00008b47  __TI_decompress_none                     
1     0000ab10  __TI_dtors_ptr                           
1     0000ab0c  __TI_enable_exit_profile_output          
abs   ffffffff  __TI_pprof_out_hndl                      
abs   ffffffff  __TI_prof_data_size                      
abs   ffffffff  __TI_prof_data_start                     
0     00008b01  __TI_zero_init_nomemset                  
0     00008460  __c28xabi_divf                           
n/a   UNDEFED   __c_args__                               
0     0000b3eb  __error__                                
1     00000400  __stack                                  
0     0000b7f4  _args_main                               
0     00008a61  _c_int00                                 
1     0000ab12  _lock                                    
0     00008b3e  _nop                                     
0     00008b3a  _register_lock                           
0     00008b36  _register_unlock                         
0     00008b59  _system_post_cinit                       
0     00008b56  _system_pre_init                         
1     0000ab14  _unlock                                  
0     000088f8  abort                                    
1     0000ab08  blk_base                                 
1     0000ab0a  blk_limit                                
0     0000b3fd  check_dnload_abs                         
0     0000b40d  check_upload_abs                         
0     00000124  clear_flash                              
0     0000b53a  close_flash                              
0     00000000  code_start                               
0     0000b41d  dnload_abs                               
0     000088fa  exit                                     
1     0000ab06  flash_initialized                        
0     0000b51e  init_flash                               
0     0000b540  main                                     
0     000089a8  memcpy                                   
0     0000b506  p16                                      
0     0000b4d1  p32                                      
1     0000aae8  progbuf                                  
0     0000b495  program_abs                              
0     00000123  program_flash                            
1     0000aaf0  rx_data                                  
1     0000aacc  sector_bases                             
1     0000aad6  sector_sizes                             
1     0000aae0  state                                    
1     0000aaf8  tx_data                                  
0     0000b512  u16                                      
0     0000b4e9  u32                                      
0     0000b449  upload_abs                               


GLOBAL SYMBOLS: SORTED BY Symbol Address 

page  address   name                                     
----  -------   ----                                     
0     00000000  code_start                               
0     00000123  program_flash                            
0     00000124  clear_flash                              
0     00000167  SysCtl_delay                             
0     00000176  __TI_Handler_Table_Base                  
0     0000017c  __TI_Handler_Table_Limit                 
0     00000180  __TI_CINIT_Base                          
0     00000188  __TI_CINIT_Limit                         
0     00000188  __TI_CINIT_Warm                          
0     00008000  SysCtl_setClock                          
0     0000828e  Board_init                               
0     00008295  PinMux_init                              
0     000082b4  CAN_init                                 
0     000082b7  DiagCAN_init                             
0     000082f5  CAN_setupMessageObject                   
0     000083d0  SysCtl_selectXTAL                        
0     00008460  __c28xabi_divf                           
0     000084e8  CAN_sendMessage                          
0     0000855a  SysCtl_getDeviceParametric               
0     000085c2  CAN_readMessage                          
0     00008628  CAN_setBitTiming                         
0     0000868c  GPIO_setPadConfig                        
0     000086de  SysCtl_getClock                          
0     0000872f  SysCtl_selectOscSource                   
0     00008777  Interrupt_initModule                     
0     000087b4  GPIO_setControllerCore                   
0     00008800  GPIO_setPinConfig                        
0     00008837  GPIO_setQualificationMode                
0     0000886e  GPIO_setDirectionMode                    
0     0000889f  __TI_decompress_lzss                     
0     000088cd  __TI_auto_init_nobinit_nopinit           
0     000088f8  C$$EXIT                                  
0     000088f8  abort                                    
0     000088fa  exit                                     
0     0000898a  Interrupt_initVectorTable                
0     000089a8  memcpy                                   
0     000089c5  CAN_initModule                           
0     00008a30  SysCtl_getLowSpeedClock                  
0     00008a61  _c_int00                                 
0     00008a78  Interrupt_defaultHandler                 
0     00008b01  __TI_zero_init_nomemset                  
0     00008b19  Interrupt_illegalOperationHandler        
0     00008b23  Interrupt_nmiHandler                     
0     00008b36  _register_unlock                         
0     00008b3a  _register_lock                           
0     00008b3e  _nop                                     
0     00008b47  __TI_decompress_none                     
0     00008b56  _system_pre_init                         
0     00008b58  C2000Ware_libraries_init                 
0     00008b59  _system_post_cinit                       
0     0000b0ae  Device_init                              
0     0000b0ee  Device_enableAllPeripherals              
0     0000b1d9  Device_initGPIO                          
0     0000b1fa  Device_enableUnbondedGPIOPullupsFor176Pin
0     0000b20d  Device_enableUnbondedGPIOPullupsFor100Pin
0     0000b22a  Device_enableUnbondedGPIOPullups         
0     0000b240  Device_configureTMXAnalogTrim            
0     0000b271  Device_bootCPU2                          
0     0000b3eb  __error__                                
0     0000b3f2  Example_setResultPass                    
0     0000b3f7  Example_setResultFail                    
0     0000b3fc  Example_done                             
0     0000b3fd  check_dnload_abs                         
0     0000b40d  check_upload_abs                         
0     0000b41d  dnload_abs                               
0     0000b449  upload_abs                               
0     0000b495  program_abs                              
0     0000b4d1  p32                                      
0     0000b4e9  u32                                      
0     0000b506  p16                                      
0     0000b512  u16                                      
0     0000b51e  init_flash                               
0     0000b53a  close_flash                              
0     0000b540  main                                     
0     0000b7f4  _args_main                               
1     00000400  __stack                                  
1     00000500  __TI_STACK_END                           
1     0000aa39  DEVICE_ID                                
1     0000aacc  sector_bases                             
1     0000aad6  sector_sizes                             
1     0000aae0  state                                    
1     0000aae1  MTA0_ext                                 
1     0000aae2  MTA1_ext                                 
1     0000aae4  MTA0_addr                                
1     0000aae6  MTA1_addr                                
1     0000aae8  progbuf                                  
1     0000aaf0  rx_data                                  
1     0000aaf8  tx_data                                  
1     0000ab00  Example_Result                           
1     0000ab02  Example_PassCount                        
1     0000ab04  Example_Fail                             
1     0000ab06  flash_initialized                        
1     0000ab08  blk_base                                 
1     0000ab0a  blk_limit                                
1     0000ab0c  __TI_enable_exit_profile_output          
1     0000ab0e  __TI_cleanup_ptr                         
1     0000ab10  __TI_dtors_ptr                           
1     0000ab12  _lock                                    
1     0000ab14  _unlock                                  
abs   00000100  __TI_STACK_SIZE                          
abs   ffffffff  __TI_pprof_out_hndl                      
abs   ffffffff  __TI_prof_data_size                      
abs   ffffffff  __TI_prof_data_start                     
n/a   UNDEFED   Fapi_checkFsmForReady                    
n/a   UNDEFED   Fapi_doBlankCheck                        
n/a   UNDEFED   Fapi_getFsmStatus                        
n/a   UNDEFED   Fapi_initializeAPI                       
n/a   UNDEFED   Fapi_issueAsyncCommandWithAddress        
n/a   UNDEFED   Fapi_setActiveFlashBank                  
n/a   UNDEFED   __c_args__                               

[110 symbols]
