******************************************************************************
             TMS320C2000 Linker PC v22.6.0                     
******************************************************************************
>> Linked Thu Jun 27 15:49:56 2024

OUTPUT FILE NAME:   <empty_driverlib_project.out>
ENTRY POINT SYMBOL: "code_start"  address: 00000000


MEMORY CONFIGURATION

         name            origin    length      used     unused   attr    fill
----------------------  --------  ---------  --------  --------  ----  --------
PAGE 0:
  BEGIN                 00000000   00000002  00000002  00000000  RWIX
  RAMM0                 00000123   000002dd  00000024  000002b9  RWIX
  RAMLS0                00008000   00000800  000007fd  00000003  RWIX
  RAMLS1                00008800   00000800  0000027f  00000581  RWIX
  RAMLS2                00009000   00000800  00000000  00000800  RWIX
  RAMLS3                00009800   00000800  00000000  00000800  RWIX
  RAMLS4                0000a000   00000800  00000000  00000800  RWIX
  RAMD0                 0000b000   00000800  00000800  00000000  RWIX
  FLASHA                00080002   00001ffe  00000000  00001ffe  RWIX
  FLASHB                00082000   00002000  00000000  00002000  RWIX
  FLASHC                00084000   00002000  00000000  00002000  RWIX
  FLASHD                00086000   00002000  00000000  00002000  RWIX
  FLASHE                00088000   00008000  00000000  00008000  RWIX
  FLASHF                00090000   00008000  00000000  00008000  RWIX
  FLASHG                00098000   00008000  00000000  00008000  RWIX
  FLASHH                000a0000   00008000  00000000  00008000  RWIX
  FLASHI                000a8000   00008000  00000000  00008000  RWIX
  FLASHJ                000b0000   00008000  00000000  00008000  RWIX
  FLASHK                000b8000   00002000  00000000  00002000  RWIX
  FLASHL                000ba000   00002000  00000000  00002000  RWIX
  FLASHM                000bc000   00002000  00000000  00002000  RWIX
  FLASHN                000be000   00001ff0  00000000  00001ff0  RWIX
  RESET                 003fffc0   00000002  00000000  00000002  RWIX

PAGE 1:
  BOOT_RSVD             00000002   00000121  00000000  00000121  RWIX
  RAMM1                 00000400   000003f8  00000100  000002f8  RWIX
  RAMLS5                0000a800   00000800  000002b9  00000547  RWIX
  RAMD1                 0000b800   00000800  00000000  00000800  RWIX
  RAMGS0                0000c000   00001000  00000000  00001000  RWIX
  RAMGS1                0000d000   00001000  00000000  00001000  RWIX
  RAMGS2                0000e000   00001000  00000000  00001000  RWIX
  RAMGS3                0000f000   00001000  00000000  00001000  RWIX
  RAMGS4                00010000   00001000  00000000  00001000  RWIX
  RAMGS5                00011000   00001000  00000000  00001000  RWIX
  RAMGS6                00012000   00001000  00000000  00001000  RWIX
  RAMGS7                00013000   00001000  00000000  00001000  RWIX
  RAMGS8                00014000   00001000  00000000  00001000  RWIX
  RAMGS9                00015000   00001000  00000000  00001000  RWIX
  RAMGS10               00016000   00001000  00000000  00001000  RWIX
  RAMGS11               00017000   00001000  00000000  00001000  RWIX
  RAMGS12               00018000   00001000  00000000  00001000  RWIX
  RAMGS13               00019000   00001000  00000000  00001000  RWIX
  RAMGS14               0001a000   00001000  00000000  00001000  RWIX
  RAMGS15               0001b000   00000ff8  00000000  00000ff8  RWIX
  CPU2TOCPU1RAM         0003f800   00000400  00000000  00000400  RWIX
  CPU1TOCPU2RAM         0003fc00   00000400  00000000  00000400  RWIX
  CANA_MSG_RAM          00049000   00000800  00000000  00000800  RWIX
  CANB_MSG_RAM          0004b000   00000800  00000000  00000800  RWIX


SECTION ALLOCATION MAP

 output                                  attributes/
section   page    origin      length       input sections
--------  ----  ----------  ----------   ----------------
codestart 
*          0    00000000    00000002     
                  00000000    00000002     F2837xD_CodeStartBranch.obj (codestart)

.cinit     0    00000128    00000020     
                  00000128    0000000b     (.cinit..data.load) [load image, compression = lzss]
                  00000133    00000001     --HOLE-- [fill = 0]
                  00000134    00000006     (__TI_handler_table)
                  0000013a    00000004     (.cinit..bss.load) [load image, compression = zero_init]
                  0000013e    00000002     --HOLE-- [fill = 0]
                  00000140    00000008     (__TI_cinit_table)

.reset     0    003fffc0    00000000     DSECT

.stack     1    00000400    00000100     UNINITIALIZED
                  00000400    00000100     --HOLE--

.bss       1    0000aa8c    00000018     UNINITIALIZED
                  0000aa8c    00000008     empty_driverlib_main.obj (.bss)
                  0000aa94    00000008     empty_driverlib_main.obj (.bss:rx_data)
                  0000aa9c    00000008     empty_driverlib_main.obj (.bss:tx_data)

.init_array 
*          0    00000123    00000000     UNINITIALIZED

.const     1    0000a800    0000028b     
                  0000a800    000000c2     driverlib_eabi.lib : sysctl.obj (.const:.string)
                  0000a8c2    000000bc                        : gpio.obj (.const:.string)
                  0000a97e    000000bb                        : can.obj (.const:.string)
                  0000aa39    00000001     empty_driverlib_main.obj (.const)
                  0000aa3a    0000003d     board.obj (.const:.string)
                  0000aa77    00000001     --HOLE-- [fill = 0]
                  0000aa78    00000013     device.obj (.const:.string)

.data      1    0000aaa4    00000016     UNINITIALIZED
                  0000aaa4    00000006     device.obj (.data)
                  0000aaaa    00000006     empty_driverlib_main.obj (.data)
                  0000aab0    00000006     rts2800_fpu32_eabi.lib : exit.c.obj (.data)
                  0000aab6    00000002                            : _lock.c.obj (.data:_lock)
                  0000aab8    00000002                            : _lock.c.obj (.data:_unlock)

.TI.ramfunc 
*          0    00000123    00000004     
                  00000123    00000004     driverlib_eabi.lib : sysctl.obj (.TI.ramfunc)

GETBUFFER 
*          0    0003f800    00000000     DSECT

GETWRITEIDX 
*          0    0003f800    00000000     DSECT

PUTREADIDX 
*          0    0003f800    00000000     DSECT

.text.1    0    00008000    000007fd     
                  00008000    00000209     driverlib_eabi.lib : sysctl.obj (.text:SysCtl_setClock)
                  00008209    000000db                        : can.obj (.text:CAN_setupMessageObject)
                  000082e4    00000090                        : sysctl.obj (.text:SysCtl_selectXTAL)
                  00008374    0000008d     board.obj (.text)
                  00008401    00000072     driverlib_eabi.lib : can.obj (.text:CAN_sendMessage)
                  00008473    00000068                        : sysctl.obj (.text:SysCtl_getDeviceParametric)
                  000084db    00000066                        : can.obj (.text:CAN_readMessage)
                  00008541    00000064                        : can.obj (.text:CAN_setBitTiming)
                  000085a5    00000052                        : gpio.obj (.text:GPIO_setPadConfig)
                  000085f7    00000051                        : sysctl.obj (.text:SysCtl_getClock)
                  00008648    00000048                        : sysctl.obj (.text:SysCtl_selectOscSource)
                  00008690    0000003d                        : interrupt.obj (.text:Interrupt_initModule)
                  000086cd    00000037                        : gpio.obj (.text:GPIO_setControllerCore)
                  00008704    00000037                        : gpio.obj (.text:GPIO_setPinConfig)
                  0000873b    00000037                        : gpio.obj (.text:GPIO_setQualificationMode)
                  00008772    00000031                        : gpio.obj (.text:GPIO_setDirectionMode)
                  000087a3    0000002e     rts2800_fpu32_eabi.lib : copy_decompress_lzss.c.obj (.text:decompress:lzss)
                  000087d1    0000002b                            : autoinit.c.obj (.text:__TI_auto_init_nobinit_nopinit)
                  000087fc    00000001                            : startup.c.obj (.text)

.text.2    0    00008800    0000027f     
                  00008800    00000029     rts2800_fpu32_eabi.lib : exit.c.obj (.text)
                  00008829    00000028     driverlib_eabi.lib : sysctl.obj (.text:CPUTimer_selectClockSource)
                  00008851    00000022                        : can.obj (.text:CAN_writeDataReg)
                  00008873    0000001f                        : sysctl.obj (.text:CPUTimer_getTimerOverflowStatus)
                  00008892    0000001e                        : interrupt.obj (.text:Interrupt_initVectorTable)
                  000088b0    0000001d     rts2800_fpu32_eabi.lib : memcpy.c.obj (.text)
                  000088cd    0000001c     driverlib_eabi.lib : can.obj (.text:CAN_initModule)
                  000088e9    0000001b                        : can.obj (.text:CAN_readDataReg)
                  00008904    0000001a                        : can.obj (.text:CAN_initRAM)
                  0000891e    0000001a                        : sysctl.obj (.text:CPUTimer_startTimer)
                  00008938    0000001a                        : sysctl.obj (.text:SysCtl_getLowSpeedClock)
                  00008952    00000017                        : sysctl.obj (.text:CPUTimer_isBaseValid)
                  00008969    00000017     rts2800_fpu32_eabi.lib : boot28.asm.obj (.text)
                  00008980    00000016     driverlib_eabi.lib : interrupt.obj (.text:Interrupt_defaultHandler)
                  00008996    00000015                        : can.obj (.text:CAN_isBaseValid)
                  000089ab    00000014                        : sysctl.obj (.text:CPUTimer_stopTimer)
                  000089bf    00000012                        : sysctl.obj (.text:CPUTimer_clearOverflowFlag)
                  000089d1    00000012                        : sysctl.obj (.text:CPUTimer_disableInterrupt)
                  000089e3    00000011                        : sysctl.obj (.text:CPUTimer_setPeriod)
                  000089f4    0000000f                        : sysctl.obj (.text:SysCtl_pollCpuTimer)
                  00008a03    0000000e                        : gpio.obj (.text:GPIO_isPinValid)
                  00008a11    0000000d                        : interrupt.obj (.text:Interrupt_disableGlobal)
                  00008a1e    0000000d     rts2800_fpu32_eabi.lib : copy_zero_init.c.obj (.text:decompress:ZI:__TI_zero_init_nomemset)
                  00008a2b    0000000c                            : args_main.c.obj (.text)
                  00008a37    0000000b     driverlib_eabi.lib : sysctl.obj (.text:SysCtl_isMCDClockFailureDetected)
                  00008a42    0000000a                        : interrupt.obj (.text:Interrupt_illegalOperationHandler)
                  00008a4c    0000000a                        : interrupt.obj (.text:Interrupt_nmiHandler)
                  00008a56    00000009                        : sysctl.obj (.text:SysCtl_serviceWatchdog)
                  00008a5f    00000009     rts2800_fpu32_eabi.lib : _lock.c.obj (.text)
                  00008a68    00000008     F2837xD_CodeStartBranch.obj (.text)
                  00008a70    00000008     rts2800_fpu32_eabi.lib : copy_decompress_none.c.obj (.text:decompress:none)
                  00008a78    00000007     driverlib_eabi.lib : sysctl.obj (.text:SysCtl_resetMCD)

.text.3    0    0000b000    00000800     
                  0000b000    000003ff     device.obj (.text)
                  0000b3ff    00000376     empty_driverlib_main.obj (.text)
                  0000b775    00000088     rts2800_fpu32_eabi.lib : fs_div28.asm.obj (.text)
                  0000b7fd    00000002                            : pre_init.c.obj (.text)
                  0000b7ff    00000001     c2000ware_libraries.obj (.text)

MODULE SUMMARY

       Module                        code   ro data   rw data
       ------                        ----   -------   -------
    .\
       empty_driverlib_main.obj      886    1         30     
    +--+-----------------------------+------+---------+---------+
       Total:                        886    1         30     
                                                             
    .\device\
       device.obj                    1023   19        6      
       F2837xD_CodeStartBranch.obj   10     0         0      
    +--+-----------------------------+------+---------+---------+
       Total:                        1033   19        6      
                                                             
    .\syscfg\
       board.obj                     141    61        0      
       c2000ware_libraries.obj       1      0         0      
    +--+-----------------------------+------+---------+---------+
       Total:                        142    61        0      
                                                             
    C:\ti\C2000Ware_5_02_00_00\driverlib\f2837xd\driverlib\ccs\Debug\driverlib_eabi.lib
       sysctl.obj                    1187   194       0      
       can.obj                       671    187       0      
       gpio.obj                      310    188       0      
       interrupt.obj                 146    0         0      
    +--+-----------------------------+------+---------+---------+
       Total:                        2314   569       0      
                                                             
    C:\ti\ccs1220\ccs\tools\compiler\ti-cgt-c2000_22.6.0.LTS\lib\rts2800_fpu32_eabi.lib
       fs_div28.asm.obj              136    0         0      
       exit.c.obj                    41     0         6      
       copy_decompress_lzss.c.obj    46     0         0      
       autoinit.c.obj                43     0         0      
       memcpy.c.obj                  29     0         0      
       boot28.asm.obj                23     0         0      
       _lock.c.obj                   9      0         4      
       copy_zero_init.c.obj          13     0         0      
       args_main.c.obj               12     0         0      
       copy_decompress_none.c.obj    8      0         0      
       pre_init.c.obj                2      0         0      
       startup.c.obj                 1      0         0      
    +--+-----------------------------+------+---------+---------+
       Total:                        363    0         10     
                                                             
       Stack:                        0      0         256    
       Linker Generated:             0      29        0      
    +--+-----------------------------+------+---------+---------+
       Grand Total:                  4738   679       302    


LINKER GENERATED COPY TABLES

__TI_cinit_table @ 00000140 records: 2, size/record: 4, table size: 8
	.data: load addr=00000128, load size=0000000b bytes, run addr=0000aaa4, run size=00000016 bytes, compression=lzss
	.bss: load addr=0000013a, load size=00000004 bytes, run addr=0000aa8c, run size=00000018 bytes, compression=zero_init


LINKER GENERATED HANDLER TABLE

__TI_handler_table @ 00000134 records: 3, size/record: 2, table size: 6
	index: 0, handler: __TI_zero_init
	index: 1, handler: __TI_decompress_lzss
	index: 2, handler: __TI_decompress_none


GLOBAL DATA SYMBOLS: SORTED BY DATA PAGE

address     data page           name
--------    ----------------    ----
00000400      10 (00000400)     __stack

0000aa39     2a8 (0000aa00)     DEVICE_ID

0000aa8c     2aa (0000aa80)     state
0000aa8d     2aa (0000aa80)     MTA0_ext
0000aa8e     2aa (0000aa80)     MTA1_ext
0000aa90     2aa (0000aa80)     MTA0_addr
0000aa92     2aa (0000aa80)     MTA1_addr
0000aa94     2aa (0000aa80)     rx_data
0000aa9c     2aa (0000aa80)     tx_data
0000aaa4     2aa (0000aa80)     Example_Result
0000aaa6     2aa (0000aa80)     Example_PassCount
0000aaa8     2aa (0000aa80)     Example_Fail
0000aaaa     2aa (0000aa80)     progbuf
0000aaac     2aa (0000aa80)     blk_base
0000aaae     2aa (0000aa80)     blk_limit
0000aab0     2aa (0000aa80)     __TI_enable_exit_profile_output
0000aab2     2aa (0000aa80)     __TI_cleanup_ptr
0000aab4     2aa (0000aa80)     __TI_dtors_ptr
0000aab6     2aa (0000aa80)     _lock
0000aab8     2aa (0000aa80)     _unlock


GLOBAL SYMBOLS: SORTED ALPHABETICALLY BY Name 

page  address   name                                     
----  -------   ----                                     
0     0000839a  Board_init                               
0     00008800  C$$EXIT                                  
0     0000b7ff  C2000Ware_libraries_init                 
0     000083c0  CAN_init                                 
0     000088cd  CAN_initModule                           
0     000084db  CAN_readMessage                          
0     00008401  CAN_sendMessage                          
0     00008541  CAN_setBitTiming                         
0     00008209  CAN_setupMessageObject                   
1     0000aa39  DEVICE_ID                                
0     0000b273  Device_bootCPU2                          
0     0000b242  Device_configureTMXAnalogTrim            
0     0000b0f0  Device_enableAllPeripherals              
0     0000b22c  Device_enableUnbondedGPIOPullups         
0     0000b20f  Device_enableUnbondedGPIOPullupsFor100Pin
0     0000b1fc  Device_enableUnbondedGPIOPullupsFor176Pin
0     0000b0ae  Device_init                              
0     0000b1db  Device_initGPIO                          
0     000083c3  DiagCAN_init                             
1     0000aaa8  Example_Fail                             
1     0000aaa6  Example_PassCount                        
1     0000aaa4  Example_Result                           
0     0000b3fe  Example_done                             
0     0000b3f9  Example_setResultFail                    
0     0000b3f4  Example_setResultPass                    
0     000086cd  GPIO_setControllerCore                   
0     00008772  GPIO_setDirectionMode                    
0     000085a5  GPIO_setPadConfig                        
0     00008704  GPIO_setPinConfig                        
0     0000873b  GPIO_setQualificationMode                
0     00008980  Interrupt_defaultHandler                 
0     00008a42  Interrupt_illegalOperationHandler        
0     00008690  Interrupt_initModule                     
0     00008892  Interrupt_initVectorTable                
0     00008a4c  Interrupt_nmiHandler                     
1     0000aa90  MTA0_addr                                
1     0000aa8d  MTA0_ext                                 
1     0000aa92  MTA1_addr                                
1     0000aa8e  MTA1_ext                                 
0     000083a1  PinMux_init                              
0     00000123  SysCtl_delay                             
0     000085f7  SysCtl_getClock                          
0     00008473  SysCtl_getDeviceParametric               
0     00008938  SysCtl_getLowSpeedClock                  
0     00008648  SysCtl_selectOscSource                   
0     000082e4  SysCtl_selectXTAL                        
0     00008000  SysCtl_setClock                          
0     00000140  __TI_CINIT_Base                          
0     00000148  __TI_CINIT_Limit                         
0     00000148  __TI_CINIT_Warm                          
0     00000134  __TI_Handler_Table_Base                  
0     0000013a  __TI_Handler_Table_Limit                 
1     00000500  __TI_STACK_END                           
abs   00000100  __TI_STACK_SIZE                          
0     000087d1  __TI_auto_init_nobinit_nopinit           
1     0000aab2  __TI_cleanup_ptr                         
0     000087a3  __TI_decompress_lzss                     
0     00008a70  __TI_decompress_none                     
1     0000aab4  __TI_dtors_ptr                           
1     0000aab0  __TI_enable_exit_profile_output          
abs   ffffffff  __TI_pprof_out_hndl                      
abs   ffffffff  __TI_prof_data_size                      
abs   ffffffff  __TI_prof_data_start                     
0     00008a1e  __TI_zero_init_nomemset                  
0     0000b775  __c28xabi_divf                           
n/a   UNDEFED   __c_args__                               
0     0000b3ed  __error__                                
1     00000400  __stack                                  
0     00008a2b  _args_main                               
0     00008969  _c_int00                                 
1     0000aab6  _lock                                    
0     00008a67  _nop                                     
0     00008a63  _register_lock                           
0     00008a5f  _register_unlock                         
0     000087fc  _system_post_cinit                       
0     0000b7fd  _system_pre_init                         
1     0000aab8  _unlock                                  
0     00008800  abort                                    
1     0000aaac  blk_base                                 
1     0000aaae  blk_limit                                
0     0000b3ff  check_dnload_abs                         
0     0000b40f  check_upload_abs                         
0     00000000  code_start                               
0     0000b41f  dnload_abs                               
0     00008802  exit                                     
0     0000b51b  main                                     
0     000088b0  memcpy                                   
0     0000b503  p16                                      
0     0000b4ce  p32                                      
1     0000aaaa  progbuf                                  
0     0000b490  program_abs                              
1     0000aa94  rx_data                                  
1     0000aa8c  state                                    
1     0000aa9c  tx_data                                  
0     0000b50f  u16                                      
0     0000b4e6  u32                                      
0     0000b44b  upload_abs                               


GLOBAL SYMBOLS: SORTED BY Symbol Address 

page  address   name                                     
----  -------   ----                                     
0     00000000  code_start                               
0     00000123  SysCtl_delay                             
0     00000134  __TI_Handler_Table_Base                  
0     0000013a  __TI_Handler_Table_Limit                 
0     00000140  __TI_CINIT_Base                          
0     00000148  __TI_CINIT_Limit                         
0     00000148  __TI_CINIT_Warm                          
0     00008000  SysCtl_setClock                          
0     00008209  CAN_setupMessageObject                   
0     000082e4  SysCtl_selectXTAL                        
0     0000839a  Board_init                               
0     000083a1  PinMux_init                              
0     000083c0  CAN_init                                 
0     000083c3  DiagCAN_init                             
0     00008401  CAN_sendMessage                          
0     00008473  SysCtl_getDeviceParametric               
0     000084db  CAN_readMessage                          
0     00008541  CAN_setBitTiming                         
0     000085a5  GPIO_setPadConfig                        
0     000085f7  SysCtl_getClock                          
0     00008648  SysCtl_selectOscSource                   
0     00008690  Interrupt_initModule                     
0     000086cd  GPIO_setControllerCore                   
0     00008704  GPIO_setPinConfig                        
0     0000873b  GPIO_setQualificationMode                
0     00008772  GPIO_setDirectionMode                    
0     000087a3  __TI_decompress_lzss                     
0     000087d1  __TI_auto_init_nobinit_nopinit           
0     000087fc  _system_post_cinit                       
0     00008800  C$$EXIT                                  
0     00008800  abort                                    
0     00008802  exit                                     
0     00008892  Interrupt_initVectorTable                
0     000088b0  memcpy                                   
0     000088cd  CAN_initModule                           
0     00008938  SysCtl_getLowSpeedClock                  
0     00008969  _c_int00                                 
0     00008980  Interrupt_defaultHandler                 
0     00008a1e  __TI_zero_init_nomemset                  
0     00008a2b  _args_main                               
0     00008a42  Interrupt_illegalOperationHandler        
0     00008a4c  Interrupt_nmiHandler                     
0     00008a5f  _register_unlock                         
0     00008a63  _register_lock                           
0     00008a67  _nop                                     
0     00008a70  __TI_decompress_none                     
0     0000b0ae  Device_init                              
0     0000b0f0  Device_enableAllPeripherals              
0     0000b1db  Device_initGPIO                          
0     0000b1fc  Device_enableUnbondedGPIOPullupsFor176Pin
0     0000b20f  Device_enableUnbondedGPIOPullupsFor100Pin
0     0000b22c  Device_enableUnbondedGPIOPullups         
0     0000b242  Device_configureTMXAnalogTrim            
0     0000b273  Device_bootCPU2                          
0     0000b3ed  __error__                                
0     0000b3f4  Example_setResultPass                    
0     0000b3f9  Example_setResultFail                    
0     0000b3fe  Example_done                             
0     0000b3ff  check_dnload_abs                         
0     0000b40f  check_upload_abs                         
0     0000b41f  dnload_abs                               
0     0000b44b  upload_abs                               
0     0000b490  program_abs                              
0     0000b4ce  p32                                      
0     0000b4e6  u32                                      
0     0000b503  p16                                      
0     0000b50f  u16                                      
0     0000b51b  main                                     
0     0000b775  __c28xabi_divf                           
0     0000b7fd  _system_pre_init                         
0     0000b7ff  C2000Ware_libraries_init                 
1     00000400  __stack                                  
1     00000500  __TI_STACK_END                           
1     0000aa39  DEVICE_ID                                
1     0000aa8c  state                                    
1     0000aa8d  MTA0_ext                                 
1     0000aa8e  MTA1_ext                                 
1     0000aa90  MTA0_addr                                
1     0000aa92  MTA1_addr                                
1     0000aa94  rx_data                                  
1     0000aa9c  tx_data                                  
1     0000aaa4  Example_Result                           
1     0000aaa6  Example_PassCount                        
1     0000aaa8  Example_Fail                             
1     0000aaaa  progbuf                                  
1     0000aaac  blk_base                                 
1     0000aaae  blk_limit                                
1     0000aab0  __TI_enable_exit_profile_output          
1     0000aab2  __TI_cleanup_ptr                         
1     0000aab4  __TI_dtors_ptr                           
1     0000aab6  _lock                                    
1     0000aab8  _unlock                                  
abs   00000100  __TI_STACK_SIZE                          
abs   ffffffff  __TI_pprof_out_hndl                      
abs   ffffffff  __TI_prof_data_size                      
abs   ffffffff  __TI_prof_data_start                     
n/a   UNDEFED   __c_args__                               

[97 symbols]
