******************************************************************************
             TMS320C2000 Linker PC v22.6.0                     
******************************************************************************
>> Linked Thu Jun 27 07:23:08 2024

OUTPUT FILE NAME:   <empty_driverlib_project.out>
ENTRY POINT SYMBOL: "code_start"  address: 00080000


MEMORY CONFIGURATION

         name            origin    length      used     unused   attr    fill
----------------------  --------  ---------  --------  --------  ----  --------
PAGE 0:
  RAMM0                 00000123   000002dd  00000000  000002dd  RWIX
  RAMLS0                00008000   00000800  00000128  000006d8  RWIX
  RAMLS1                00008800   00000800  00000000  00000800  RWIX
  RAMLS2                00009000   00000800  00000000  00000800  RWIX
  RAMLS3                00009800   00000800  00000000  00000800  RWIX
  RAMLS4                0000a000   00000800  00000000  00000800  RWIX
  RAMD0                 0000b000   00000800  00000000  00000800  RWIX
  RAMGS14               0001a000   00001000  00000000  00001000  RWIX
  RAMGS15               0001b000   00000ff8  00000000  00000ff8  RWIX
  BEGIN                 00080000   00000002  00000002  00000000  RWIX
  FLASHA                00080002   00001ffe  00000000  00001ffe  RWIX
  FLASHB                00082000   00002000  000011b2  00000e4e  RWIX
  FLASHC                00084000   00002000  00000000  00002000  RWIX
  FLASHD                00086000   00002000  00000128  00001ed8  RWIX
  FLASHE                00088000   00008000  00000000  00008000  RWIX
  FLASHF                00090000   00008000  0000034b  00007cb5  RWIX
  FLASHG                00098000   00008000  00000000  00008000  RWIX
  FLASHH                000a0000   00008000  00000000  00008000  RWIX
  FLASHI                000a8000   00008000  00000000  00008000  RWIX
  FLASHJ                000b0000   00008000  00000000  00008000  RWIX
  FLASHK                000b8000   00002000  00000000  00002000  RWIX
  FLASHL                000ba000   00002000  00000000  00002000  RWIX
  FLASHM                000bc000   00002000  00000000  00002000  RWIX
  FLASHN                000be000   00001ff0  00000000  00001ff0  RWIX
  RESET                 003fffc0   00000002  00000000  00000002  RWIX

PAGE 1:
  BOOT_RSVD             00000002   00000121  00000000  00000121  RWIX
  RAMM1                 00000400   000003f8  00000100  000002f8  RWIX
  RAMLS5                0000a800   00000800  00000028  000007d8  RWIX
  RAMD1                 0000b800   00000800  00000000  00000800  RWIX
  RAMGS0                0000c000   00001000  00000000  00001000  RWIX
  RAMGS1                0000d000   00001000  00000000  00001000  RWIX
  RAMGS2                0000e000   00001000  00000000  00001000  RWIX
  RAMGS3                0000f000   00001000  00000000  00001000  RWIX
  RAMGS4                00010000   00001000  00000000  00001000  RWIX
  RAMGS5                00011000   00001000  00000000  00001000  RWIX
  RAMGS6                00012000   00001000  00000000  00001000  RWIX
  RAMGS7                00013000   00001000  00000000  00001000  RWIX
  RAMGS8                00014000   00001000  00000000  00001000  RWIX
  RAMGS9                00015000   00001000  00000000  00001000  RWIX
  RAMGS10               00016000   00001000  00000000  00001000  RWIX
  RAMGS11               00017000   00001000  00000000  00001000  RWIX
  RAMGS12               00018000   00001000  00000000  00001000  RWIX
  RAMGS13               00019000   00001000  00000000  00001000  RWIX
  CPU2TOCPU1RAM         0003f800   00000400  00000000  00000400  RWIX
  CPU1TOCPU2RAM         0003fc00   00000400  00000000  00000400  RWIX


SECTION ALLOCATION MAP

 output                                  attributes/
section   page    origin      length       input sections
--------  ----  ----------  ----------   ----------------
codestart 
*          0    00080000    00000002     
                  00080000    00000002     F2837xD_CodeStartBranch.obj (codestart)

.cinit     0    00083198    0000001c     
                  00083198    0000000a     (.cinit..data.load) [load image, compression = lzss]
                  000831a2    00000006     (__TI_handler_table)
                  000831a8    00000004     (.cinit..bss.load) [load image, compression = zero_init]
                  000831ac    00000008     (__TI_cinit_table)

.stack     1    00000400    00000100     UNINITIALIZED
                  00000400    00000100     --HOLE--

.reset     0    003fffc0    00000000     DSECT

.init_array 
*          0    00082000    00000000     UNINITIALIZED

.bss       1    0000a800    00000018     UNINITIALIZED
                  0000a800    00000008     empty_driverlib_main.obj (.bss)
                  0000a808    00000008     empty_driverlib_main.obj (.bss:rx_data)
                  0000a810    00000008     empty_driverlib_main.obj (.bss:tx_data)

.data      1    0000a818    00000010     UNINITIALIZED
                  0000a818    00000006     device.obj (.data)
                  0000a81e    00000006     rts2800_fpu32_eabi.lib : exit.c.obj (.data)
                  0000a824    00000002                            : _lock.c.obj (.data:_lock)
                  0000a826    00000002                            : _lock.c.obj (.data:_unlock)

.const     0    00090000    0000034b     
                  00090000    000000c2     driverlib_eabi.lib : sysctl.obj (.const:.string)
                  000900c2    000000bf                        : flash.obj (.const:.string)
                  00090181    00000001     empty_driverlib_main.obj (.const)
                  00090182    000000bc     driverlib_eabi.lib : gpio.obj (.const:.string)
                  0009023e    000000bb                        : can.obj (.const:.string)
                  000902f9    00000001     --HOLE-- [fill = 0]
                  000902fa    0000003d     board.obj (.const:.string)
                  00090337    00000001     --HOLE-- [fill = 0]
                  00090338    00000013     device.obj (.const:.string)

.TI.ramfunc 
*          0    00086000    00000128     RUN ADDR = 00008000
                  00086000    00000043     driverlib_eabi.lib : flash.obj (.TI.ramfunc:Flash_initModule)
                  00086043    0000002c                        : flash.obj (.TI.ramfunc:Flash_setBankPowerMode)
                  0008606f    00000024                        : flash.obj (.TI.ramfunc:Flash_setWaitstates)
                  00086093    0000001d                        : flash.obj (.TI.ramfunc:Flash_setPumpPowerMode)
                  000860b0    00000018                        : flash.obj (.TI.ramfunc:Flash_disableCache)
                  000860c8    00000018                        : flash.obj (.TI.ramfunc:Flash_disablePrefetch)
                  000860e0    00000017                        : flash.obj (.TI.ramfunc:Flash_enableCache)
                  000860f7    00000017                        : flash.obj (.TI.ramfunc:Flash_enablePrefetch)
                  0008610e    00000016                        : flash.obj (.TI.ramfunc:Flash_enableECC)
                  00086124    00000004                        : sysctl.obj (.TI.ramfunc)

GETBUFFER 
*          0    0003f800    00000000     DSECT

GETWRITEIDX 
*          0    0003f800    00000000     DSECT

PUTREADIDX 
*          0    0003f800    00000000     DSECT

.text      0    00082000    00001196     
                  00082000    000003fe     device.obj (.text)
                  000823fe    0000024b     empty_driverlib_main.obj (.text)
                  00082649    00000209     driverlib_eabi.lib : sysctl.obj (.text:SysCtl_setClock)
                  00082852    000000db                        : can.obj (.text:CAN_setupMessageObject)
                  0008292d    00000090                        : sysctl.obj (.text:SysCtl_selectXTAL)
                  000829bd    0000008d     board.obj (.text)
                  00082a4a    00000088     rts2800_fpu32_eabi.lib : fs_div28.asm.obj (.text)
                  00082ad2    00000072     driverlib_eabi.lib : can.obj (.text:CAN_sendMessage)
                  00082b44    00000068                        : sysctl.obj (.text:SysCtl_getDeviceParametric)
                  00082bac    00000066                        : can.obj (.text:CAN_readMessage)
                  00082c12    00000064                        : can.obj (.text:CAN_setBitTiming)
                  00082c76    00000052                        : gpio.obj (.text:GPIO_setPadConfig)
                  00082cc8    00000051                        : sysctl.obj (.text:SysCtl_getClock)
                  00082d19    00000048                        : sysctl.obj (.text:SysCtl_selectOscSource)
                  00082d61    0000003d                        : interrupt.obj (.text:Interrupt_initModule)
                  00082d9e    00000037                        : gpio.obj (.text:GPIO_setControllerCore)
                  00082dd5    00000037                        : gpio.obj (.text:GPIO_setPinConfig)
                  00082e0c    00000037                        : gpio.obj (.text:GPIO_setQualificationMode)
                  00082e43    00000031                        : gpio.obj (.text:GPIO_setDirectionMode)
                  00082e74    0000002e     rts2800_fpu32_eabi.lib : copy_decompress_lzss.c.obj (.text:decompress:lzss)
                  00082ea2    0000002b                            : autoinit.c.obj (.text:__TI_auto_init_nobinit_nopinit)
                  00082ecd    00000029                            : exit.c.obj (.text)
                  00082ef6    00000028     driverlib_eabi.lib : sysctl.obj (.text:CPUTimer_selectClockSource)
                  00082f1e    00000026                        : flash.obj (.text:Flash_setBankPowerUpDelay)
                  00082f44    00000022                        : can.obj (.text:CAN_writeDataReg)
                  00082f66    0000001f                        : sysctl.obj (.text:CPUTimer_getTimerOverflowStatus)
                  00082f85    0000001e                        : interrupt.obj (.text:Interrupt_initVectorTable)
                  00082fa3    0000001d     rts2800_fpu32_eabi.lib : memcpy.c.obj (.text)
                  00082fc0    0000001c     driverlib_eabi.lib : can.obj (.text:CAN_initModule)
                  00082fdc    0000001b                        : can.obj (.text:CAN_readDataReg)
                  00082ff7    0000001a                        : can.obj (.text:CAN_initRAM)
                  00083011    0000001a                        : sysctl.obj (.text:CPUTimer_startTimer)
                  0008302b    0000001a                        : sysctl.obj (.text:SysCtl_getLowSpeedClock)
                  00083045    00000017                        : sysctl.obj (.text:CPUTimer_isBaseValid)
                  0008305c    00000017     rts2800_fpu32_eabi.lib : boot28.asm.obj (.text)
                  00083073    00000016     driverlib_eabi.lib : interrupt.obj (.text:Interrupt_defaultHandler)
                  00083089    00000015                        : can.obj (.text:CAN_isBaseValid)
                  0008309e    00000014                        : sysctl.obj (.text:CPUTimer_stopTimer)
                  000830b2    00000012                        : sysctl.obj (.text:CPUTimer_clearOverflowFlag)
                  000830c4    00000012                        : sysctl.obj (.text:CPUTimer_disableInterrupt)
                  000830d6    00000011                        : sysctl.obj (.text:CPUTimer_setPeriod)
                  000830e7    00000010                        : flash.obj (.text:Flash_isCtrlBaseValid)
                  000830f7    00000010                        : flash.obj (.text:Flash_isECCBaseValid)
                  00083107    0000000f                        : sysctl.obj (.text:SysCtl_pollCpuTimer)
                  00083116    0000000e                        : gpio.obj (.text:GPIO_isPinValid)
                  00083124    0000000d                        : interrupt.obj (.text:Interrupt_disableGlobal)
                  00083131    0000000d     rts2800_fpu32_eabi.lib : copy_zero_init.c.obj (.text:decompress:ZI:__TI_zero_init_nomemset)
                  0008313e    0000000c                            : args_main.c.obj (.text)
                  0008314a    0000000b     driverlib_eabi.lib : sysctl.obj (.text:SysCtl_isMCDClockFailureDetected)
                  00083155    0000000a                        : interrupt.obj (.text:Interrupt_illegalOperationHandler)
                  0008315f    0000000a                        : interrupt.obj (.text:Interrupt_nmiHandler)
                  00083169    00000009                        : sysctl.obj (.text:SysCtl_serviceWatchdog)
                  00083172    00000009     rts2800_fpu32_eabi.lib : _lock.c.obj (.text)
                  0008317b    00000008     F2837xD_CodeStartBranch.obj (.text)
                  00083183    00000008     rts2800_fpu32_eabi.lib : copy_decompress_none.c.obj (.text:decompress:none)
                  0008318b    00000007     driverlib_eabi.lib : sysctl.obj (.text:SysCtl_resetMCD)
                  00083192    00000002     rts2800_fpu32_eabi.lib : pre_init.c.obj (.text)
                  00083194    00000001     c2000ware_libraries.obj (.text)
                  00083195    00000001     rts2800_fpu32_eabi.lib : startup.c.obj (.text)

MODULE SUMMARY

       Module                        code   ro data   rw data
       ------                        ----   -------   -------
    .\
       empty_driverlib_main.obj      587    1         24     
    +--+-----------------------------+------+---------+---------+
       Total:                        587    1         24     
                                                             
    .\device\
       device.obj                    1022   19        6      
       F2837xD_CodeStartBranch.obj   10     0         0      
    +--+-----------------------------+------+---------+---------+
       Total:                        1032   19        6      
                                                             
    .\syscfg\
       board.obj                     141    61        0      
       c2000ware_libraries.obj       1      0         0      
    +--+-----------------------------+------+---------+---------+
       Total:                        142    61        0      
                                                             
    C:\ti\C2000Ware_5_02_00_00\driverlib\f2837xd\driverlib\ccs\Debug\driverlib_eabi.lib
       sysctl.obj                    1191   194       0      
       can.obj                       671    187       0      
       flash.obj                     654    191       0      
       gpio.obj                      310    188       0      
       interrupt.obj                 146    0         0      
    +--+-----------------------------+------+---------+---------+
       Total:                        2972   760       0      
                                                             
    C:\ti\ccs1220\ccs\tools\compiler\ti-cgt-c2000_22.6.0.LTS\lib\rts2800_fpu32_eabi.lib
       fs_div28.asm.obj              136    0         0      
       exit.c.obj                    41     0         6      
       copy_decompress_lzss.c.obj    46     0         0      
       autoinit.c.obj                43     0         0      
       memcpy.c.obj                  29     0         0      
       boot28.asm.obj                23     0         0      
       _lock.c.obj                   9      0         4      
       copy_zero_init.c.obj          13     0         0      
       args_main.c.obj               12     0         0      
       copy_decompress_none.c.obj    8      0         0      
       pre_init.c.obj                2      0         0      
       startup.c.obj                 1      0         0      
    +--+-----------------------------+------+---------+---------+
       Total:                        363    0         10     
                                                             
       Stack:                        0      0         256    
       Linker Generated:             0      28        0      
    +--+-----------------------------+------+---------+---------+
       Grand Total:                  5096   869       296    


LINKER GENERATED COPY TABLES

__TI_cinit_table @ 000831ac records: 2, size/record: 4, table size: 8
	.data: load addr=00083198, load size=0000000a bytes, run addr=0000a818, run size=00000010 bytes, compression=lzss
	.bss: load addr=000831a8, load size=00000004 bytes, run addr=0000a800, run size=00000018 bytes, compression=zero_init


LINKER GENERATED HANDLER TABLE

__TI_handler_table @ 000831a2 records: 3, size/record: 2, table size: 6
	index: 0, handler: __TI_zero_init
	index: 1, handler: __TI_decompress_lzss
	index: 2, handler: __TI_decompress_none


GLOBAL DATA SYMBOLS: SORTED BY DATA PAGE

address     data page           name
--------    ----------------    ----
00000400      10 (00000400)     __stack

0000a800     2a0 (0000a800)     state
0000a801     2a0 (0000a800)     MTA0_ext
0000a802     2a0 (0000a800)     MTA1_ext
0000a804     2a0 (0000a800)     MTA0_addr
0000a806     2a0 (0000a800)     MTA1_addr
0000a808     2a0 (0000a800)     rx_data
0000a810     2a0 (0000a800)     tx_data
0000a818     2a0 (0000a800)     Example_Result
0000a81a     2a0 (0000a800)     Example_PassCount
0000a81c     2a0 (0000a800)     Example_Fail
0000a81e     2a0 (0000a800)     __TI_enable_exit_profile_output
0000a820     2a0 (0000a800)     __TI_cleanup_ptr
0000a822     2a0 (0000a800)     __TI_dtors_ptr
0000a824     2a0 (0000a800)     _lock
0000a826     2a0 (0000a800)     _unlock

00090181    2406 (00090180)     DEVICE_ID


GLOBAL SYMBOLS: SORTED ALPHABETICALLY BY Name 

page  address   name                                     
----  -------   ----                                     
0     000829e3  Board_init                               
0     00082ecd  C$$EXIT                                  
0     00083194  C2000Ware_libraries_init                 
0     00082a09  CAN_init                                 
0     00082fc0  CAN_initModule                           
0     00082bac  CAN_readMessage                          
0     00082ad2  CAN_sendMessage                          
0     00082c12  CAN_setBitTiming                         
0     00082852  CAN_setupMessageObject                   
0     00090181  DEVICE_ID                                
0     00082272  Device_bootCPU2                          
0     00082241  Device_configureTMXAnalogTrim            
0     000820ef  Device_enableAllPeripherals              
0     0008222b  Device_enableUnbondedGPIOPullups         
0     0008220e  Device_enableUnbondedGPIOPullupsFor100Pin
0     000821fb  Device_enableUnbondedGPIOPullupsFor176Pin
0     0008209a  Device_init                              
0     000821da  Device_initGPIO                          
0     00082a0c  DiagCAN_init                             
1     0000a81c  Example_Fail                             
1     0000a81a  Example_PassCount                        
1     0000a818  Example_Result                           
0     000823fd  Example_done                             
0     000823f8  Example_setResultFail                    
0     000823f3  Example_setResultPass                    
0     00008000  Flash_initModule                         
0     00082d9e  GPIO_setControllerCore                   
0     00082e43  GPIO_setDirectionMode                    
0     00082c76  GPIO_setPadConfig                        
0     00082dd5  GPIO_setPinConfig                        
0     00082e0c  GPIO_setQualificationMode                
0     00083073  Interrupt_defaultHandler                 
0     00083155  Interrupt_illegalOperationHandler        
0     00082d61  Interrupt_initModule                     
0     00082f85  Interrupt_initVectorTable                
0     0008315f  Interrupt_nmiHandler                     
1     0000a804  MTA0_addr                                
1     0000a801  MTA0_ext                                 
1     0000a806  MTA1_addr                                
1     0000a802  MTA1_ext                                 
0     000829ea  PinMux_init                              
0     00086128  RamfuncsLoadEnd                          
abs   00000128  RamfuncsLoadSize                         
0     00086000  RamfuncsLoadStart                        
0     00008128  RamfuncsRunEnd                           
abs   00000128  RamfuncsRunSize                          
0     00008000  RamfuncsRunStart                         
0     00008124  SysCtl_delay                             
0     00082cc8  SysCtl_getClock                          
0     00082b44  SysCtl_getDeviceParametric               
0     0008302b  SysCtl_getLowSpeedClock                  
0     00082d19  SysCtl_selectOscSource                   
0     0008292d  SysCtl_selectXTAL                        
0     00082649  SysCtl_setClock                          
0     000831ac  __TI_CINIT_Base                          
0     000831b4  __TI_CINIT_Limit                         
0     000831b4  __TI_CINIT_Warm                          
0     000831a2  __TI_Handler_Table_Base                  
0     000831a8  __TI_Handler_Table_Limit                 
1     00000500  __TI_STACK_END                           
abs   00000100  __TI_STACK_SIZE                          
0     00082ea2  __TI_auto_init_nobinit_nopinit           
1     0000a820  __TI_cleanup_ptr                         
0     00082e74  __TI_decompress_lzss                     
0     00083183  __TI_decompress_none                     
1     0000a822  __TI_dtors_ptr                           
1     0000a81e  __TI_enable_exit_profile_output          
abs   ffffffff  __TI_pprof_out_hndl                      
abs   ffffffff  __TI_prof_data_size                      
abs   ffffffff  __TI_prof_data_start                     
0     00083131  __TI_zero_init_nomemset                  
0     00082a4a  __c28xabi_divf                           
n/a   UNDEFED   __c_args__                               
0     000823ec  __error__                                
1     00000400  __stack                                  
0     0008313e  _args_main                               
0     0008305c  _c_int00                                 
1     0000a824  _lock                                    
0     0008317a  _nop                                     
0     00083176  _register_lock                           
0     00083172  _register_unlock                         
0     00083195  _system_post_cinit                       
0     00083192  _system_pre_init                         
1     0000a826  _unlock                                  
0     00082ecd  abort                                    
0     0008240f  check_read_abs                           
0     000823fe  check_write_abs                          
0     00080000  code_start                               
0     00082ecf  exit                                     
0     000824ae  main                                     
0     00082fa3  memcpy                                   
0     00082496  p16                                      
0     00082462  p32                                      
0     00082445  read_abs                                 
1     0000a808  rx_data                                  
1     0000a800  state                                    
1     0000a810  tx_data                                  
0     000824a2  u16                                      
0     0008247a  u32                                      
0     00082420  write_abs                                


GLOBAL SYMBOLS: SORTED BY Symbol Address 

page  address   name                                     
----  -------   ----                                     
0     00008000  Flash_initModule                         
0     00008000  RamfuncsRunStart                         
0     00008124  SysCtl_delay                             
0     00008128  RamfuncsRunEnd                           
0     00080000  code_start                               
0     0008209a  Device_init                              
0     000820ef  Device_enableAllPeripherals              
0     000821da  Device_initGPIO                          
0     000821fb  Device_enableUnbondedGPIOPullupsFor176Pin
0     0008220e  Device_enableUnbondedGPIOPullupsFor100Pin
0     0008222b  Device_enableUnbondedGPIOPullups         
0     00082241  Device_configureTMXAnalogTrim            
0     00082272  Device_bootCPU2                          
0     000823ec  __error__                                
0     000823f3  Example_setResultPass                    
0     000823f8  Example_setResultFail                    
0     000823fd  Example_done                             
0     000823fe  check_write_abs                          
0     0008240f  check_read_abs                           
0     00082420  write_abs                                
0     00082445  read_abs                                 
0     00082462  p32                                      
0     0008247a  u32                                      
0     00082496  p16                                      
0     000824a2  u16                                      
0     000824ae  main                                     
0     00082649  SysCtl_setClock                          
0     00082852  CAN_setupMessageObject                   
0     0008292d  SysCtl_selectXTAL                        
0     000829e3  Board_init                               
0     000829ea  PinMux_init                              
0     00082a09  CAN_init                                 
0     00082a0c  DiagCAN_init                             
0     00082a4a  __c28xabi_divf                           
0     00082ad2  CAN_sendMessage                          
0     00082b44  SysCtl_getDeviceParametric               
0     00082bac  CAN_readMessage                          
0     00082c12  CAN_setBitTiming                         
0     00082c76  GPIO_setPadConfig                        
0     00082cc8  SysCtl_getClock                          
0     00082d19  SysCtl_selectOscSource                   
0     00082d61  Interrupt_initModule                     
0     00082d9e  GPIO_setControllerCore                   
0     00082dd5  GPIO_setPinConfig                        
0     00082e0c  GPIO_setQualificationMode                
0     00082e43  GPIO_setDirectionMode                    
0     00082e74  __TI_decompress_lzss                     
0     00082ea2  __TI_auto_init_nobinit_nopinit           
0     00082ecd  C$$EXIT                                  
0     00082ecd  abort                                    
0     00082ecf  exit                                     
0     00082f85  Interrupt_initVectorTable                
0     00082fa3  memcpy                                   
0     00082fc0  CAN_initModule                           
0     0008302b  SysCtl_getLowSpeedClock                  
0     0008305c  _c_int00                                 
0     00083073  Interrupt_defaultHandler                 
0     00083131  __TI_zero_init_nomemset                  
0     0008313e  _args_main                               
0     00083155  Interrupt_illegalOperationHandler        
0     0008315f  Interrupt_nmiHandler                     
0     00083172  _register_unlock                         
0     00083176  _register_lock                           
0     0008317a  _nop                                     
0     00083183  __TI_decompress_none                     
0     00083192  _system_pre_init                         
0     00083194  C2000Ware_libraries_init                 
0     00083195  _system_post_cinit                       
0     000831a2  __TI_Handler_Table_Base                  
0     000831a8  __TI_Handler_Table_Limit                 
0     000831ac  __TI_CINIT_Base                          
0     000831b4  __TI_CINIT_Limit                         
0     000831b4  __TI_CINIT_Warm                          
0     00086000  RamfuncsLoadStart                        
0     00086128  RamfuncsLoadEnd                          
0     00090181  DEVICE_ID                                
1     00000400  __stack                                  
1     00000500  __TI_STACK_END                           
1     0000a800  state                                    
1     0000a801  MTA0_ext                                 
1     0000a802  MTA1_ext                                 
1     0000a804  MTA0_addr                                
1     0000a806  MTA1_addr                                
1     0000a808  rx_data                                  
1     0000a810  tx_data                                  
1     0000a818  Example_Result                           
1     0000a81a  Example_PassCount                        
1     0000a81c  Example_Fail                             
1     0000a81e  __TI_enable_exit_profile_output          
1     0000a820  __TI_cleanup_ptr                         
1     0000a822  __TI_dtors_ptr                           
1     0000a824  _lock                                    
1     0000a826  _unlock                                  
abs   00000100  __TI_STACK_SIZE                          
abs   00000128  RamfuncsLoadSize                         
abs   00000128  RamfuncsRunSize                          
abs   ffffffff  __TI_pprof_out_hndl                      
abs   ffffffff  __TI_prof_data_size                      
abs   ffffffff  __TI_prof_data_start                     
n/a   UNDEFED   __c_args__                               

[100 symbols]
